{"log":
 [{"message":
   ".> LEAN_PATH=C:\\work\\jsp-000385-lean\\.lake\\build\\lib\\lean c:\\Users\\Administrator\\.elan\\toolchains\\leanprover--lean4---v4.20.0\\bin\\lean.exe C:\\work\\jsp-000385-lean\\Jsp\\JSP000385.lean -R C:\\work\\jsp-000385-lean -o C:\\work\\jsp-000385-lean\\.lake\\build\\lib\\lean\\Jsp\\JSP000385.olean -i C:\\work\\jsp-000385-lean\\.lake\\build\\lib\\lean\\Jsp\\JSP000385.ilean -c C:\\work\\jsp-000385-lean\\.lake\\build\\ir\\Jsp\\JSP000385.c --json",
   "level": "trace"},
  {"message":
   "C:\\work\\jsp-000385-lean\\Jsp\\JSP000385.lean:106:0: 'jsp_000385_main' does not depend on any axioms",
   "level": "info"}],
 "inputs":
 [["Jsp.JSP000385:deps",
   [["deps",
     [["«jsp-000385-lean»/Jsp:extraDep",
       [["@«jsp-000385-lean»:extraDep", "1723"]]],
      ["import oleans", "1723"]]],
    ["libs",
     [["import dynlibs", "1723"],
      ["package external libraries", "1723"],
      ["module dynlibs", "1723"],
      ["module plugins", "1723"]]]]],
  ["Lean 4.20.0, commit 77cfc4d1a4f6ef6651792b781eaa6676b4f3f060",
   "16311077432335102250"],
  ["Module.leanArgs: #[]", "1723"],
  ["C:\\work\\jsp-000385-lean\\Jsp\\JSP000385.lean", "6615308864025301610"]],
 "depHash": "17730810174346160046"}